02:54:57 **** Incremental Build of configuration Debug for project VXL_VDK_Lab1_Ex5 ****
make -j12 all 
arm-none-eabi-gcc -o "VXL_VDK_Lab1_Ex5.elf" @"objects.list"   -mcpu=cortex-m3 -T"C:\Users\ADMIN\Documents\Study\VXL-VDK\VXL_VDK_Lab1\Lab1-Ex5\STM32\STM32F103C6UX_FLASH.ld" --specs=nosys.specs -Wl,-Map="VXL_VDK_Lab1_Ex5.map" -Wl,--gc-sections -static --specs=nano.specs -mfloat-abi=soft -mthumb -Wl,--start-group -lc -lm -Wl,--end-group
Finished building target: VXL_VDK_Lab1_Ex5.elf
 
arm-none-eabi-size   VXL_VDK_Lab1_Ex5.elf 
arm-none-eabi-objdump -h -S  VXL_VDK_Lab1_Ex5.elf  > "VXL_VDK_Lab1_Ex5.list"
arm-none-eabi-objcopy  -O ihex  VXL_VDK_Lab1_Ex5.elf  "VXL_VDK_Lab1_Ex5.hex"
arm-none-eabi-objcopy  -O binary  VXL_VDK_Lab1_Ex5.elf  "VXL_VDK_Lab1_Ex5.bin"
   text	   data	    bss	    dec	    hex	filename
   5716	     20	   1572	   7308	   1c8c	VXL_VDK_Lab1_Ex5.elf
Finished building: default.size.stdout
 
Finished building: VXL_VDK_Lab1_Ex5.hex
Finished building: VXL_VDK_Lab1_Ex5.bin
 
Finished building: VXL_VDK_Lab1_Ex5.list
 
 

02:54:57 Build Finished. 0 errors, 0 warnings. (took 357ms)

