02:52:02 **** Incremental Build of configuration Debug for project VXL_VDK_Lab1_Ex3 ****
make -j12 all 
arm-none-eabi-gcc -o "VXL_VDK_Lab1_Ex3.elf" @"objects.list"   -mcpu=cortex-m3 -T"C:\Users\ADMIN\Documents\Study\VXL-VDK\VXL_VDK_Lab1\Lab1-Ex3\STM32\STM32F103C6UX_FLASH.ld" --specs=nosys.specs -Wl,-Map="VXL_VDK_Lab1_Ex3.map" -Wl,--gc-sections -static --specs=nano.specs -mfloat-abi=soft -mthumb -Wl,--start-group -lc -lm -Wl,--end-group
Finished building target: VXL_VDK_Lab1_Ex3.elf
 
arm-none-eabi-size   VXL_VDK_Lab1_Ex3.elf 
arm-none-eabi-objdump -h -S  VXL_VDK_Lab1_Ex3.elf  > "VXL_VDK_Lab1_Ex3.list"
arm-none-eabi-objcopy  -O ihex  VXL_VDK_Lab1_Ex3.elf  "VXL_VDK_Lab1_Ex3.hex"
arm-none-eabi-objcopy  -O binary  VXL_VDK_Lab1_Ex3.elf  "VXL_VDK_Lab1_Ex3.bin"
   text	   data	    bss	    dec	    hex	filename
   4944	     20	   1572	   6536	   1988	VXL_VDK_Lab1_Ex3.elf
Finished building: default.size.stdout
 
Finished building: VXL_VDK_Lab1_Ex3.hex
Finished building: VXL_VDK_Lab1_Ex3.bin
 
Finished building: VXL_VDK_Lab1_Ex3.list
 
 

02:52:02 Build Finished. 0 errors, 0 warnings. (took 382ms)

