02:56:24 **** Incremental Build of configuration Debug for project VXL_VDK_Lab1_Ex6 ****
make -j12 all 
arm-none-eabi-gcc -o "VXL_VDK_Lab1_Ex6.elf" @"objects.list"   -mcpu=cortex-m3 -T"C:\Users\ADMIN\Documents\Study\VXL-VDK\VXL_VDK_Lab1\Lab1-Ex6\STM32\STM32F103C6UX_FLASH.ld" --specs=nosys.specs -Wl,-Map="VXL_VDK_Lab1_Ex6.map" -Wl,--gc-sections -static --specs=nano.specs -mfloat-abi=soft -mthumb -Wl,--start-group -lc -lm -Wl,--end-group
Finished building target: VXL_VDK_Lab1_Ex6.elf
 
arm-none-eabi-size   VXL_VDK_Lab1_Ex6.elf 
arm-none-eabi-objdump -h -S  VXL_VDK_Lab1_Ex6.elf  > "VXL_VDK_Lab1_Ex6.list"
arm-none-eabi-objcopy  -O ihex  VXL_VDK_Lab1_Ex6.elf  "VXL_VDK_Lab1_Ex6.hex"
arm-none-eabi-objcopy  -O binary  VXL_VDK_Lab1_Ex6.elf  "VXL_VDK_Lab1_Ex6.bin"
   text	   data	    bss	    dec	    hex	filename
   4668	     20	   1572	   6260	   1874	VXL_VDK_Lab1_Ex6.elf
Finished building: default.size.stdout
 
Finished building: VXL_VDK_Lab1_Ex6.hex
Finished building: VXL_VDK_Lab1_Ex6.bin
 
Finished building: VXL_VDK_Lab1_Ex6.list
 
 

02:56:24 Build Finished. 0 errors, 0 warnings. (took 373ms)

