03:17:29 **** Incremental Build of configuration Debug for project VXL_VDK_Lab1_Ex9 ****
make -j12 all 
arm-none-eabi-gcc "../Core/Src/main.c" -mcpu=cortex-m3 -std=gnu11 -g3 -DDEBUG -DUSE_HAL_DRIVER -DSTM32F103x6 -c -I../Core/Inc -I../Drivers/STM32F1xx_HAL_Driver/Inc -I../Drivers/STM32F1xx_HAL_Driver/Inc/Legacy -I../Drivers/CMSIS/Device/ST/STM32F1xx/Include -I../Drivers/CMSIS/Include -O0 -ffunction-sections -fdata-sections -Wall -fstack-usage -MMD -MP -MF"Core/Src/main.d" -MT"Core/Src/main.o" --specs=nano.specs -mfloat-abi=soft -mthumb -o "Core/Src/main.o"
../Core/Src/main.c: In function 'main':
../Core/Src/main.c:179:3: error: too few arguments to function 'setNumberOnClock'
  179 |   setNumberOnClock();
      |   ^~~~~~~~~~~~~~~~
../Core/Src/main.c:99:8: note: declared here
   99 |   void setNumberOnClock(int num){
      |        ^~~~~~~~~~~~~~~~
At top level:
../Core/Src/main.c:139:8: warning: 'clearNumberOnClock' defined but not used [-Wunused-function]
  139 |   void clearNumberOnClock(int num){
      |        ^~~~~~~~~~~~~~~~~~
../Core/Src/main.c:92:8: warning: 'clearAllClock' defined but not used [-Wunused-function]
   92 |   void clearAllClock(){
      |        ^~~~~~~~~~~~~
make: *** [Core/Src/subdir.mk:34: Core/Src/main.o] Error 1
"make -j12 all" terminated with exit code 2. Build might be incomplete.

03:17:29 Build Failed. 2 errors, 2 warnings. (took 204ms)

