03:10:36 **** Incremental Build of configuration Debug for project VXL_VDK_Lab1_Ex7 ****
make -j12 all 
arm-none-eabi-gcc "../Core/Src/main.c" -mcpu=cortex-m3 -std=gnu11 -g3 -DDEBUG -DUSE_HAL_DRIVER -DSTM32F103x6 -c -I../Core/Inc -I../Drivers/STM32F1xx_HAL_Driver/Inc -I../Drivers/STM32F1xx_HAL_Driver/Inc/Legacy -I../Drivers/CMSIS/Device/ST/STM32F1xx/Include -I../Drivers/CMSIS/Include -O0 -ffunction-sections -fdata-sections -Wall -fstack-usage -MMD -MP -MF"Core/Src/main.d" -MT"Core/Src/main.o" --specs=nano.specs -mfloat-abi=soft -mthumb -o "Core/Src/main.o"
../Core/Src/main.c:89:8: warning: 'clearAllClock' defined but not used [-Wunused-function]
   89 |   void clearAllClock(){
      |        ^~~~~~~~~~~~~
arm-none-eabi-gcc -o "VXL_VDK_Lab1_Ex7.elf" @"objects.list"   -mcpu=cortex-m3 -T"C:\Users\ADMIN\Documents\Study\VXL-VDK\VXL_VDK_Lab1\Lab1-Ex7\STM32\STM32F103C6UX_FLASH.ld" --specs=nosys.specs -Wl,-Map="VXL_VDK_Lab1_Ex7.map" -Wl,--gc-sections -static --specs=nano.specs -mfloat-abi=soft -mthumb -Wl,--start-group -lc -lm -Wl,--end-group
Finished building target: VXL_VDK_Lab1_Ex7.elf
 
arm-none-eabi-size   VXL_VDK_Lab1_Ex7.elf 
arm-none-eabi-objdump -h -S  VXL_VDK_Lab1_Ex7.elf  > "VXL_VDK_Lab1_Ex7.list"
arm-none-eabi-objcopy  -O ihex  VXL_VDK_Lab1_Ex7.elf  "VXL_VDK_Lab1_Ex7.hex"
arm-none-eabi-objcopy  -O binary  VXL_VDK_Lab1_Ex7.elf  "VXL_VDK_Lab1_Ex7.bin"
   text	   data	    bss	    dec	    hex	filename
   4460	     20	   1572	   6052	   17a4	VXL_VDK_Lab1_Ex7.elf
Finished building: default.size.stdout
 
Finished building: VXL_VDK_Lab1_Ex7.hex
Finished building: VXL_VDK_Lab1_Ex7.bin
Finished building: VXL_VDK_Lab1_Ex7.list
 
 
 

03:10:36 Build Finished. 0 errors, 1 warnings. (took 498ms)

